// Jest Snapshot v1, https://goo.gl/fbAQLP

exports[`useDebounce renders a expected 1`] = `
<button
  onClick={[Function]}
>
  click me
</button>
`;
