// Jest Snapshot v1, https://goo.gl/fbAQLP

exports[`useWindowScroll renders as expected 1`] = `[Function]`;

exports[`useWindowScroll when the window is scrolled renders as expected 1`] = `
<TestComponent>
  <span>
    10,50
  </span>
</TestComponent>
`;
